app/repository/details/[id]/page.tsx(7,25): error TS2307: Cannot find module '../../../components/Sidebar' or its corresponding type declarations.
app/repository/details/[id]/page.tsx(8,27): error TS2307: Cannot find module '../../../components/TopHeader' or its corresponding type declarations.
app/repository/details/[id]/page.tsx(9,24): error TS2307: Cannot find module '../../../components/Footer' or its corresponding type declarations.
app/repository/details/[id]/page.tsx(10,97): error TS2307: Cannot find module '../data' or its corresponding type declarations.
app/repository/details/[id]/page.tsx(110,51): error TS7006: Parameter 'topic' implicitly has an 'any' type.
